
> documentation@0.0.0 build
> ng build

npm : - Generating browser 
application bundles (phase: 
setup)...
At line:1 char:1
+ npm run build > 
build_output.txt 2>&1
+ ~~~~~~~~~~~~~~~~~~~~~~~~~~
~~~~~~~~~~~
    + CategoryInfo          
    : NotSpecified: (- Gen  
  erating br...hase: setu   
 p)...:String) [], Remot    
eException
    + FullyQualifiedErrorId 
    : NativeCommandError
 
Γ£ö Browser application 
bundle generation complete.
Γ£ö Browser application 
bundle generation complete.

Error: 
src/app/app.module.ts:15:5 
- error NG6001: The class 
'StartPageComponent' is 
listed in the declarations 
of the NgModule 
'AppModule', but is not a 
directive, a component, or 
a pipe. Either remove it 
from the NgModule's 
declarations, or add an 
appropriate Angular 
decorator.

15     StartPageComponent,
       ~~~~~~~~~~~~~~~~~~

  src/app/start-page/start-p
age.component.ts:17:14
    17 export class 
StartPageComponent 
implements OnInit {
                    
~~~~~~~~~~~~~~~~~~
    'StartPageComponent' is 
declared here.


Error: 
src/app/app.module.ts:16:5 
- error NG6001: The class 
'NextPageComponent' is 
listed in the declarations 
of the NgModule 
'AppModule', but is not a 
directive, a component, or 
a pipe. Either remove it 
from the NgModule's 
declarations, or add an 
appropriate Angular 
decorator.

16     NextPageComponent
       ~~~~~~~~~~~~~~~~~

  src/app/next-page/next-pag
e.component.ts:14:14
    14 export class 
NextPageComponent 
implements OnInit {
                    
~~~~~~~~~~~~~~~~~
    'NextPageComponent' is 
declared here.


Error: src/app/next-page/nex
t-page.component.ts:7:38 - 
error TS2307: Cannot find 
module 
'../documentation.service' 
or its corresponding type 
declarations.

7 import { 
DocumentationService } from 
'../documentation.service';
                            
           
~~~~~~~~~~~~~~~~~~~~~~~~~~


Error: src/app/next-page/nex
t-page.component.ts:21:13 - 
error NG2003: No suitable 
injection token for 
parameter 
'documentationService' of 
class 'NextPageComponent'.
  Consider using the 
@Inject decorator to 
specify an injection token.

21     private 
documentationService: 
DocumentationService,
               
~~~~~~~~~~~~~~~~~~~~

  src/app/next-page/next-pag
e.component.ts:21:35
    21     private 
documentationService: 
DocumentationService,
                            
             
~~~~~~~~~~~~~~~~~~~~
    This type does not have 
a value, so it cannot be 
used as injection token.


Error: src/app/start-page/st
art-page.component.ts:10:38 
- error TS2307: Cannot find 
module 
'../documentation.service' 
or its corresponding type 
declarations.

10 import { 
DocumentationService } from 
'../documentation.service';
                            
            
~~~~~~~~~~~~~~~~~~~~~~~~~~


Error: src/app/start-page/st
art-page.component.ts:34:13 
- error NG2003: No suitable 
injection token for 
parameter 
'documentationService' of 
class 'StartPageComponent'.
  Consider using the 
@Inject decorator to 
specify an injection token.

34     private 
documentationService: 
DocumentationService,
               
~~~~~~~~~~~~~~~~~~~~

  src/app/start-page/start-p
age.component.ts:34:35
    34     private 
documentationService: 
DocumentationService,
                            
             
~~~~~~~~~~~~~~~~~~~~
    This type does not have 
a value, so it cannot be 
used as injection token.



